<html>
<body>
<pre>
<h1>µVision Build Log</h1>
<h2>Tool Versions:</h2>
IDE-Version: µVision V5.32.0.0
Copyright (C) 2020 ARM Ltd and ARM Germany GmbH. All rights reserved.
License Information: r yogitsingh1@outlook.com, r, LIC=----
 
Tool Versions:
Toolchain:       MDK-Lite  Version: 5.32.0.0
Toolchain Path:  C:\Keil_v5\ARM\ARMCLANG\Bin
C Compiler:      ArmClang.exe V6.14.1
Assembler:       Armasm.exe V6.14.1
Linker/Locator:  ArmLink.exe V6.14.1
Library Manager: ArmAr.exe V6.14.1
Hex Converter:   FromElf.exe V6.14.1
CPU DLL:         SARMCM3.DLL V5.32.0.0
Dialog DLL:      DCM.DLL V1.17.3.0
Target DLL:      STLink\ST-LINKIII-KEIL_SWO.dll V3.0.8.0
Dialog DLL:      TCM.DLL V1.46.0.0
 
<h2>Project:</h2>
C:\STM32407VG\Workspace\register\gpio.uvprojx
Project File Date:  11/15/2020

<h2>Output:</h2>
*** Using Compiler 'V6.14.1', folder: 'C:\Keil_v5\ARM\ARMCLANG\Bin'
Rebuild target 'Target 1'
assembling startup_stm32f407xx.s...
compiling system_stm32f4xx.c...
main.c(24): warning: 'return' will never be executed [-Wunreachable-code-return]
        return 0;
               ^
main.c(30): warning: no newline at end of file [-Wnewline-eof]
}
 ^
main.c(1): warning: In file included from...
./HAL_GPIO.h(46): warning: unused function 'conf_pin_mode' [-Wunused-function]
static void conf_pin_mode(GPIO_TYPE port, uint32_t pinNum, uint32_t mode);
            ^
./HAL_GPIO.h(47): warning: unused function 'conf_pin_type' [-Wunused-function]
static void conf_pin_type(GPIO_TYPE port, uint32_t pinNum, uint32_t type);
            ^
./HAL_GPIO.h(48): warning: unused function 'conf_pin_speed' [-Wunused-function]
static void conf_pin_speed(GPIO_TYPE port, uint32_t pinNum, uint32_t speed);
            ^
5 warnings generated.
compiling main.c...
HAL_GPIO.c(118): warning: no newline at end of file [-Wnewline-eof]
}
 ^
1 warning generated.
compiling HAL_GPIO.c...
linking...
Program Size: Code=1120 RO-data=408 RW-data=0 ZI-data=1632  
FromELF: creating hex file...
".\Objects\gpio.axf" - 0 Error(s), 6 Warning(s).

<h2>Software Packages used:</h2>

Package Vendor: ARM
                http://www.keil.com/pack/ARM.CMSIS.5.7.0.pack
                ARM.CMSIS.5.7.0
                CMSIS (Cortex Microcontroller Software Interface Standard)
   * Component: CORE Version: 5.4.0

Package Vendor: Keil
                http://www.keil.com/pack/Keil.STM32F4xx_DFP.2.15.0.pack
                Keil.STM32F4xx_DFP.2.15.0
                STMicroelectronics STM32F4 Series Device Support, Drivers and Examples
   * Component: Startup Version: 2.6.3

<h2>Collection of Component include folders:</h2>
  .\RTE\_Target_1
  C:\Users\yogit\AppData\Local\Arm\Packs\ARM\CMSIS\5.7.0\CMSIS\Core\Include
  C:\Users\yogit\AppData\Local\Arm\Packs\Keil\STM32F4xx_DFP\2.15.0\Drivers\CMSIS\Device\ST\STM32F4xx\Include

<h2>Collection of Component Files used:</h2>

   * Component: ARM::CMSIS:CORE:5.4.0

   * Component: Keil::Device:Startup:2.6.3
      Source file:   MDK\Device\Source\ARM\STM32F40xxx_41xxx_OPT.s
      Source file:   MDK\Device\Source\ARM\STM32F4xx_OTP.s
      Include file:  Drivers\CMSIS\Device\ST\STM32F4xx\Include\stm32f4xx.h
      Source file:   Drivers\CMSIS\Device\ST\STM32F4xx\Source\Templates\arm\startup_stm32f407xx.s
      Source file:   Drivers\CMSIS\Device\ST\STM32F4xx\Source\Templates\system_stm32f4xx.c
Build Time Elapsed:  00:00:01
</pre>
</body>
</html>
